// Jest Snapshot v1, https://goo.gl/fbAQLP

exports[`should correctly render Home page 1`] = `
<div
  className="home"
>
  <h1>
    Welcome to our page!
  </h1>
  <div>
    <p>
      Lorem ipsum dolor sit amet consectetur adipisicing elit. Repudiandae dolores illum omnis! Veritatis perspiciatis a saepe fugit rem illo, quod rerum animi similique aliquam asperiores, libero consequuntur. Vero suscipit obcaecati beatae vel dicta atque architecto perspiciatis laboriosam, quaerat soluta voluptas exercitationem odio laborum optio aliquam blanditiis veniam culpa deserunt natus dignissimos excepturi inventore harum vitae. Placeat dolorem dicta totam nemo, sunt iusto culpa tempore cum qui expedita alias aut voluptatem quidem, dignissimos itaque!
    </p>
    <p>
      Lorem ipsum dolor sit amet consectetur adipisicing elit. Repudiandae dolores illum omnis! Veritatis perspiciatis a saepe fugit rem illo, quod rerum animi similique aliquam asperiores, libero consequuntur. Vero suscipit obcaecati beatae vel dicta atque architecto perspiciatis laboriosam, quaerat soluta voluptas exercitationem odio laborum optio aliquam blanditiis veniam culpa deserunt natus dignissimos excepturi inventore harum vitae.
    </p>
  </div>
</div>
`;
